I'm sorry, but errors were detected in your script. Please correct the
errors listed below, and try again.


File "game/script.rpy", line 60: expected statement.
    money-beat
              ^

Ren'Py Version: Ren'Py 8.0.3.22090809
Thu Nov 10 00:18:13 2022
